 MyOSProject

 Timestamp is 5d34663d (Sun Jul 21 22:18:53 2019)

 Preferred load address is 00100000

 Start         Length     Name                   Class
 0001:00000000 000042e4H .text$mn                CODE
 0002:00000000 0000007cH .rdata                  DATA
 0002:0000007c 00000000H .edata                  DATA
 0002:0000007c 000000c4H .rdata$zzzdbg           DATA
 0003:00000000 00000004H .CRT$XCA                DATA
 0003:00000004 00000004H .CRT$XCZ                DATA
 0003:00000008 00000004H .CRT$XIA                DATA
 0003:0000000c 00000004H .CRT$XIZ                DATA
 0003:00000010 00000280H .data                   DATA
 0003:00000290 000013d8H .bss                    DATA
 0004:00000000 00000004H .msvcjmc                DATA

  Address         Publics by Value              Rva+Base       Lib:Object

 0000:00000000       ___hybrid_code_map         00000000     <absolute>
 0000:00000000       ___guard_fids_count        00000000     <absolute>
 0000:00000000       ___guard_longjmp_table     00000000     <absolute>
 0000:00000000       ___hybrid_code_map_count   00000000     <absolute>
 0000:00000000       ___guard_iat_count         00000000     <absolute>
 0000:00000000       ___dynamic_value_reloc_table 00000000     <absolute>
 0000:00000000       ___guard_longjmp_count     00000000     <absolute>
 0000:00000000       ___guard_fids_table        00000000     <absolute>
 0000:00000000       ___guard_iat_table         00000000     <absolute>
 0000:00000000       ___hybrid_auxiliary_iat    00000000     <absolute>
 0000:00000000       ___volatile_metadata       00000000     <absolute>
 0000:00000000       ___enclave_config          00000000     <absolute>
 0000:00000000       ___guard_flags             00000000     <absolute>
 0001:00000000       ?multiboot_entry@@YAXXZ    00101000 f   kmain.obj
 0001:00000040       ?InitializeConstructor@@YAXXZ 00101040 f   kmain.obj
 0001:00000050       ?kmain@@YAXKK@Z            00101050 f   kmain.obj
 0001:00000080       @__CheckForDebuggerJustMyCode@4 00101080 f i kmain.obj
 0001:00000080       __JustMyCode_Default       00101080 f i kmain.obj
 0001:00000090       ?Clear@SkyConsole@@YAXXZ   00101090 f   SkyConsole.obj
 0001:000000f0       ?Initialize@SkyConsole@@YAXXZ 001010f0 f   SkyConsole.obj
 0001:000001a0       ?MoveCursor@SkyConsole@@YAXII@Z 001011a0 f   SkyConsole.obj
 0001:00000260       ?OutPortByte@@YAXGE@Z      00101260 f   SkyConsole.obj
 0001:00000280       ?Print@SkyConsole@@YAXPBDZZ 00101280 f   SkyConsole.obj
 0001:00000510       ?Write@SkyConsole@@YAXPBD@Z 00101510 f   SkyConsole.obj
 0001:00000560       ?WriteChar@SkyConsole@@YAXDW4ConsoleColor@@0@Z 00101560 f   SkyConsole.obj
 0001:00000700       ?scrollup@SkyConsole@@YAXXZ 00101700 f   SkyConsole.obj
 0001:000007a0       _strcpy                    001017a0 f   CommonLib:string.obj
 0001:000007e0       _strlen                    001017e0 f   CommonLib:string.obj
 0001:00000810       _strcmp                    00101810 f   CommonLib:string.obj
 0001:00000870       _strncmp                   00101870 f   CommonLib:string.obj
 0001:000008f0       _strncasecmp               001018f0 f   CommonLib:string.obj
 0001:000009a0       _strstr                    001019a0 f   CommonLib:string.obj
 0001:00000a20       _strupr                    00101a20 f   CommonLib:string.obj
 0001:00000a70       _strcat                    00101a70 f   CommonLib:string.obj
 0001:00000ae0       _strncat                   00101ae0 f   CommonLib:string.obj
 0001:00000b40       _strchr                    00101b40 f   CommonLib:string.obj
 0001:00000b80       _stricmp                   00101b80 f   CommonLib:string.obj
 0001:00000c70       _strpbrk                   00101c70 f   CommonLib:string.obj
 0001:00000cc0       _strtok                    00101cc0 f   CommonLib:string.obj
 0001:00000d40       _strspn                    00101d40 f   CommonLib:string.obj
 0001:00000db0       _strncpy                   00101db0 f   CommonLib:string.obj
 0001:00000e00       _strnicmp                  00101e00 f   CommonLib:string.obj
 0001:00000e70       _strnchr                   00101e70 f   CommonLib:string.obj
 0001:00000ec0       _strrchr                   00101ec0 f   CommonLib:string.obj
 0001:00000f10       _strxfrm                   00101f10 f   CommonLib:string.obj
 0001:00000fa0       _strcoll                   00101fa0 f   CommonLib:string.obj
 0001:00000fc0       _strtod                    00101fc0 f   CommonLib:string.obj
 0001:00001360       _strcspn                   00102360 f   CommonLib:string.obj
 0001:000013d0       _ftoa_fixed                001023d0 f   CommonLib:string.obj
 0001:00001570       _ftoa_sci                  00102570 f   CommonLib:string.obj
 0001:000016d0       _strichr                   001026d0 f   CommonLib:string.obj
 0001:00001730       _strtok_r                  00102730 f   CommonLib:string.obj
 0001:00001850       _memsetw                   00102850 f   CommonLib:string.obj
 0001:00001890       ?normalize@@YAHPAN@Z       00102890 f   CommonLib:string.obj
 0001:00001950       _sprintf                   00102950 f   CommonLib:sprintf.obj
 0001:00001980       _itoa                      00102980 f   CommonLib:sprintf.obj
 0001:00001a50       _itoa_s                    00102a50 f   CommonLib:sprintf.obj
 0001:00001a80       __i64toa                   00102a80 f   CommonLib:sprintf.obj
 0001:00001b90       ?itoa_s@@YAXHIPAD@Z        00102b90 f   CommonLib:sprintf.obj
 0001:00001bd0       _atexit                    00102bd0 f   CommonLib:cstd.obj
 0001:00001c20       ?_atexit_init@@YAXXZ       00102c20 f   CommonLib:cstd.obj
 0001:00001c40       ?Exit@@YAXXZ               00102c40 f   CommonLib:cstd.obj
 0001:00001c80       ?InitializeConstructors@@YAXXZ 00102c80 f   CommonLib:cstd.obj
 0001:00001ca0       ?_purecall_handler@@YAHXZ  00102ca0 f   CommonLib:cstd.obj
 0001:00001cb0       __CIcos                    00102cb0 f   CommonLib:cstd.obj
 0001:00001cc0       __CIsin                    00102cc0 f   CommonLib:cstd.obj
 0001:00001cd0       __CIsqrt                   00102cd0 f   CommonLib:cstd.obj
 0001:00001ce0       __ftol2_sse                00102ce0 f   CommonLib:cstd.obj
 0001:00001cf0       __aullshr                  00102cf0 f   CommonLib:cstd.obj
 0001:00001d10       __dtol3                    00102d10 f   CommonLib:cstd.obj
 0001:00001d20       __dtoui3                   00102d20 f   CommonLib:cstd.obj
 0001:00001d30       __dtoul3                   00102d30 f   CommonLib:cstd.obj
 0001:00001d70       _strtoul                   00102d70 f   CommonLib:stdio.obj
 0001:00001fd0       _vsprintf                  00102fd0 f   CommonLib:stdio.obj
 0001:00002500       _strtol                    00103500 f   CommonLib:stdio.obj
 0001:00002790       _atoi                      00103790 f   CommonLib:stdio.obj
 0001:000027b0       _atof                      001037b0 f   CommonLib:stdio.obj
 0001:00002940       _sscanf                    00103940 f   CommonLib:stdio.obj
 0001:00002970       _simple_strtoul            00103970 f   CommonLib:stdio.obj
 0001:00002aa0       _simple_strtol             00103aa0 f   CommonLib:stdio.obj
 0001:00002ae0       _simple_strtoull           00103ae0 f   CommonLib:stdio.obj
 0001:00002c30       _simple_strtoll            00103c30 f   CommonLib:stdio.obj
 0001:00002c80       _vnsprintf                 00103c80 f   CommonLib:stdio.obj
 0001:000031c0       ?vsscanf@@YAHPBD0PAE@Z     001041c0 f   CommonLib:stdio.obj
 0001:000038f0       _memcpy                    001048f0 f   CommonLib:memory.obj
 0001:00003940       _memset                    00104940 f   CommonLib:memory.obj
 0001:00003970       _memcmp                    00104970 f   CommonLib:memory.obj
 0001:000039e0       _memmove                   001049e0 f   CommonLib:memory.obj
 0001:00003a60       _memchr                    00104a60 f   CommonLib:memory.obj
 0001:00003ab0       __aulldiv                  00104ab0 f   CommonLib:ulldiv.obj
 0001:00003b20       __aullrem                  00104b20 f   CommonLib:ullrem.obj
 0001:00003d90       _atob                      00104d90 f   CommonLib:atob.obj
 0001:00003de0       _btoa                      00104de0 f   CommonLib:atob.obj
 0001:00003f50       _gethex                    00104f50 f   CommonLib:atob.obj
 0001:000040e0       __isctype                  001050e0 f   CommonLib:ctype.obj
 0001:00004110       _isspace                   00105110 f   CommonLib:ctype.obj
 0001:00004130       _isupper                   00105130 f   CommonLib:ctype.obj
 0001:00004150       _islower                   00105150 f   CommonLib:ctype.obj
 0001:00004170       _isdigit                   00105170 f   CommonLib:ctype.obj
 0001:00004190       _isxdigit                  00105190 f   CommonLib:ctype.obj
 0001:000041b0       _ispunct                   001051b0 f   CommonLib:ctype.obj
 0001:000041d0       _isalpha                   001051d0 f   CommonLib:ctype.obj
 0001:000041f0       _isalnum                   001051f0 f   CommonLib:ctype.obj
 0001:00004210       _isprint                   00105210 f   CommonLib:ctype.obj
 0001:00004230       _isgraph                   00105230 f   CommonLib:ctype.obj
 0001:00004250       _iscntrl                   00105250 f   CommonLib:ctype.obj
 0001:00004270       _isleadbyte                00105270 f   CommonLib:ctype.obj
 0001:00004290       _toupper                   00105290 f   CommonLib:ctype.obj
 0001:000042c0       _tolower                   001052c0 f   CommonLib:ctype.obj
 0002:00000010       __real@0000000000000000    00106010     CommonLib:string.obj
 0002:00000018       __real@3fb999999999999a    00106018     CommonLib:string.obj
 0002:00000020       __real@3ff0000000000000    00106020     CommonLib:string.obj
 0002:00000028       __real@4024000000000000    00106028     CommonLib:string.obj
 0002:00000030       __real@41cdcd6500000000    00106030     CommonLib:string.obj
 0002:00000040       __xmm@80000000000000008000000000000000 00106040     CommonLib:string.obj
 0003:00000000       ?__xc_a@@3PAP6AXXZA        00107000     CommonLib:cstd.obj
 0003:00000004       ?__xc_z@@3PAP6AXXZA        00107004     CommonLib:cstd.obj
 0003:00000008       ?__xi_a@@3PAP6AXXZA        00107008     CommonLib:cstd.obj
 0003:0000000c       ?__xi_z@@3PAP6AXXZA        0010700c     CommonLib:cstd.obj
 0003:00000060       ?bchars@@3PADA             00107060     CommonLib:sprintf.obj
 0003:00000070       __fltused                  00107070     CommonLib:cstd.obj
 0003:00000080       __pctype                   00107080     CommonLib:ctype.obj
 0003:00000088       ?_ctype@@3PAGA             00107088     CommonLib:ctype.obj
 0003:000002b8       ?tbuf@@3PADA               001072b8     CommonLib:sprintf.obj
 0003:000002d8       ?runtimeTempBuffer@@3PADA  001072d8     CommonLib:cstd.obj

 entry point at        0001:00000000

 Static symbols

 0001:000004c8       $LN20                      001014c8     SkyConsole.obj
 0001:000004e0       $LN19                      001014e0     SkyConsole.obj
 0001:000017d0       ?ToUpper@@YAEE@Z           001027d0 f   CommonLib:string.obj
 0001:00001800       ?IsDigit@@YAEE@Z           00102800 f   CommonLib:string.obj
 0001:00001820       ?IsSpace@@YAEE@Z           00102820 f   CommonLib:string.obj
 0001:00001920       ?ToLower@@YAEE@Z           00102920 f   CommonLib:string.obj
 0001:00001d40       ?_initterm@@YAXPAP6AXXZ0@Z 00102d40 f   CommonLib:cstd.obj
 0001:000024a4       $LN27                      001034a4     CommonLib:stdio.obj
 0001:000024cc       $LN26                      001034cc     CommonLib:stdio.obj
 0001:00003114       $LN25                      00104114     CommonLib:stdio.obj
 0001:0000313c       $LN24                      0010413c     CommonLib:stdio.obj
 0001:00003170       ?skip_atoi@@YAHPAPBD@Z     00104170 f   CommonLib:stdio.obj
 0001:0000382c       $LN78                      0010482c     CommonLib:stdio.obj
 0001:00003854       $LN76                      00104854     CommonLib:stdio.obj
 0001:000038a8       $LN79                      001048a8     CommonLib:stdio.obj
 0001:000038bc       $LN77                      001048bc     CommonLib:stdio.obj
 0001:00003ab0       $$000000                   00104ab0     CommonLib:ulldiv.obj
 0001:00003b20       $$000000                   00104b20     CommonLib:ullrem.obj
 0001:00003ba0       __atob                     00104ba0 f   CommonLib:atob.obj
 0001:00004030       __getbase                  00105030 f   CommonLib:atob.obj
 0001:000040c4       $LN11                      001050c4     CommonLib:atob.obj
 0001:000040d4       $LN10                      001050d4     CommonLib:atob.obj
 0002:00000000       $SG3242                    00106000     kmain.obj
 0002:00000050       $SG3262                    00106050     CommonLib:stdio.obj
 0003:00000010       ?maxExponent@@3HA          00107010     CommonLib:string.obj
 0003:00000018       ?powersOf10@@3PANA         00107018     CommonLib:string.obj
 0003:00000074       ?max_atexitlist_entries@@3IA 00107074     CommonLib:cstd.obj
 0003:00000078       $SG4638                    00107078     CommonLib:atob.obj
 0003:00000290       ?m_Color@SkyConsole@@3W4ConsoleColor@@A 00107290     SkyConsole.obj
 0003:00000294       ?m_Text@SkyConsole@@3W4ConsoleColor@@A 00107294     SkyConsole.obj
 0003:00000298       ?m_backGroundColor@SkyConsole@@3W4ConsoleColor@@A 00107298     SkyConsole.obj
 0003:0000029c       ?m_xPos@SkyConsole@@3IA    0010729c     SkyConsole.obj
 0003:000002a0       ?m_yPos@SkyConsole@@3IA    001072a0     SkyConsole.obj
 0003:000002a4       ?m_pVideoMemory@SkyConsole@@3PAGA 001072a4     SkyConsole.obj
 0003:000002a8       ?m_ScreenHeight@SkyConsole@@3IA 001072a8     SkyConsole.obj
 0003:000002ac       ?m_ScreenWidth@SkyConsole@@3IA 001072ac     SkyConsole.obj
 0003:000002b0       ?m_VideoCardType@SkyConsole@@3GA 001072b0     SkyConsole.obj
 0003:000002b4       ?lastToken@?1??strtok@@9@4PADA 001072b4     CommonLib:string.obj
 0003:00001660       ?pf_atexitlist@@3PAP6AXXZA 00108660     CommonLib:cstd.obj
 0003:00001664       ?cur_atexitlist_entries@@3IA 00108664     CommonLib:cstd.obj
 0004:00000000       __A1E61C9D_stdint@h        00109000     kmain.obj
 0004:00000001       __0A8B1715_kmain@cpp       00109001     kmain.obj
 0004:00000002       __A1E61C9D_stdint@h        00109002     SkyConsole.obj
 0004:00000003       __E3097F68_skyconsole@cpp  00109003     SkyConsole.obj
